---
source: src/parser.rs
expression: "p_module(r\"\nmodule F () where\nderive newtype instance Eq Tag\n\")"
---
12 of 12
===
Module
 Header
  QProperName
   NULL
   ProperName
    8..9
===
