---
source: src/parser.rs
expression: "p_header(\"\")"
---
0 of 0
===
NULL
===
Unexpected(Known(0, 0, 0), None, "T::Lower(\"module\")")
