---
source: src/lexer.rs
expression: "p(\"Unit\")"
---
Ok(Upper((0, "Unit")))
