---
source: src/parser.rs
expression: "p_typ(\"a\")"
---
8 of 8
===
Module
 Header
  QProperName
   NULL
   ProperName
    7..10
  Decl::Sig
   Name
    18..19
   Typ::Var
    Name
     23..24
===
