---
source: src/lexer.rs
expression: "p(\"¤\")"
---
Ok(Op("¤"))
