---
source: src/lexer.rs
expression: "p(r\"1.0\")"
---
Ok(Number("1.0"))
Ok(LayEnd)
Ok(LayTop)
