---
source: src/lexer.rs
expression: "p(\"-\")"
---
Ok(LayEnd)
Ok(Op("-"))
Ok(LayTop)
