---
source: src/lexer.rs
expression: "p(\"(+)\")"
---
Ok(LeftParen)
Ok(Symbol("+"))
Ok(RightParen)
