---
source: src/parser.rs
expression: "p_module(\"module A (a, b, c) where\")"
---
11 of 11
===
Module
 Header
  QProperName
   NULL
   ProperName
    7..8
   Export::Value
    Name
     10..11
   Export::Value
    Name
     13..14
   Export::Value
    Name
     16..17
===
