---
source: src/lexer.rs
expression: "p(r#\"\"I like pie\"\"#)"
---
Ok(String("\"I like pie\""))
Ok(LayEnd)
Ok(LayTop)
