---
source: src/lexer.rs
expression: "p(\"(<#>)\")"
---
Ok(Symbol("(<#>)"))
Ok(LayTop)
