---
source: src/parser.rs
expression: "p_import(\"import Joe\")"
---
2 of 2
===
ImportDecl::Bulk
 QProperName
  NULL
  ProperName
   7..10
===
