---
source: src/lexer.rs
expression: "p(r\"1\")"
---
Ok(Number("1"))
Ok(LayEnd)
Ok(LayTop)
