---
source: src/parser.rs
expression: "p_import(\"import A (foo\\n , bar\\n , baz)\")"
---
ImportDecl::Multiple
 QProperName
  7..8
  ProperName
   7..8
  Import::Value
   Name
    10..13
  Import::Value
   Name
    17..20
  Import::Value
   Name
    24..27
