---
source: src/parser.rs
expression: "p_typ(\"X.Z (A (B.C D)) E\")"
---
18 of 18
===
Module
 Header
  QProperName
   NULL
   ProperName
    (0, 7)->(0, 10)
  Decl::Sig
   Name
    (2, 0)->(2, 1)
   Typ::App
    Typ::App
     Typ::Constructor
      QProperName
       Qual
        (2, 5)->(2, 7)
       ProperName
        (2, 7)->(2, 8)
     Typ::App
      Typ::Constructor
       QProperName
        NULL
        ProperName
         (2, 10)->(2, 11)
      Typ::App
       Typ::Constructor
        QProperName
         Qual
          (2, 13)->(2, 15)
         ProperName
          (2, 15)->(2, 16)
       Typ::Constructor
        QProperName
         NULL
         ProperName
          (2, 17)->(2, 18)
    Typ::Constructor
     QProperName
      NULL
      ProperName
       (2, 21)->(2, 22)
===
